warning: failed to save last-use data
This may prevent cargo from accurately tracking what is being used in its global cache. This information is used for automatically removing unused data in the cache.

database is locked

Caused by:
  Error code 5: database is locked
warning: field `word_freqs_unmerged` is never read
  --> src/load_pronunciations.rs:14:9
   |
 9 | pub struct PronunciationData {
   |            ----------------- field in this struct
...
14 |     pub word_freqs_unmerged: PronunciationMap,
   |         ^^^^^^^^^^^^^^^^^^^
   |
   = note: `PronunciationData` has a derived impl for the trait `Debug`, but this is intentionally ignored during dead code analysis
   = note: `#[warn(dead_code)]` (part of `#[warn(unused)]`) on by default

warning: `game_controller_evolver` (bin "game_controller_evolver") generated 1 warning
    Finished `release` profile [optimized] target(s) in 3.04s

real	110m2.137s
user	2927m39.660s
sys	1m59.344s
