warning: failed to save last-use data
This may prevent cargo from accurately tracking what is being used in its global cache. This information is used for automatically removing unused data in the cache.

database is locked

Caused by:
  Error code 5: database is locked
   Compiling game_controller_evolver v0.1.0 (/mnt/nfs2/inf/hw548/controller_steno_dis/steno-layout-evolver-for-controller/game_controller_evolver)
warning: field `word_freqs_unmerged` is never read
  --> src/load_pronunciations.rs:14:9
   |
 9 | pub struct PronunciationData {
   |            ----------------- field in this struct
...
14 |     pub word_freqs_unmerged: PronunciationMap,
   |         ^^^^^^^^^^^^^^^^^^^
   |
   = note: `PronunciationData` has a derived impl for the trait `Debug`, but this is intentionally ignored during dead code analysis
   = note: `#[warn(dead_code)]` (part of `#[warn(unused)]`) on by default

rustc-LLVM ERROR: rustc-LLVM ERROR: IO failure on output stream: Stale file handleIO failure on output stream: Stale file handle

warning: `game_controller_evolver` (bin "game_controller_evolver") generated 1 warning
error: could not compile `game_controller_evolver` (bin "game_controller_evolver"); 1 warning emitted

Caused by:
  process didn't exit successfully: `/its/home/hw548/.rustup/toolchains/stable-x86_64-unknown-linux-gnu/bin/rustc --crate-name game_controller_evolver --edition=2024 src/main.rs --error-format=json --json=diagnostic-rendered-ansi,artifacts,future-incompat --crate-type bin --emit=dep-info,link -C opt-level=3 -C embed-bitcode=no --check-cfg 'cfg(docsrs,test)' --check-cfg 'cfg(feature, values())' -C metadata=3a4c0a715be7f384 -C extra-filename=-8040b4bf76940dd3 --out-dir /mnt/nfs2/inf/hw548/controller_steno_dis/steno-layout-evolver-for-controller/game_controller_evolver/target/release/deps -C strip=debuginfo -L dependency=/mnt/nfs2/inf/hw548/controller_steno_dis/steno-layout-evolver-for-controller/game_controller_evolver/target/release/deps --extern rand=/mnt/nfs2/inf/hw548/controller_steno_dis/steno-layout-evolver-for-controller/game_controller_evolver/target/release/deps/librand-6fec912dfe80ea5b.rlib --extern rayon=/mnt/nfs2/inf/hw548/controller_steno_dis/steno-layout-evolver-for-controller/game_controller_evolver/target/release/deps/librayon-c05919b0a474f3e7.rlib --extern serde=/mnt/nfs2/inf/hw548/controller_steno_dis/steno-layout-evolver-for-controller/game_controller_evolver/target/release/deps/libserde-a1bd4bb82e6e9f71.rlib --extern serde_json=/mnt/nfs2/inf/hw548/controller_steno_dis/steno-layout-evolver-for-controller/game_controller_evolver/target/release/deps/libserde_json-2641b187654605bd.rlib` (exit status: 101)

real	110m2.256s
user	2594m54.335s
sys	1m22.189s
